// Jest Snapshot v1, https://goo.gl/fbAQLP

exports[`Test for Login component should render authLoading correctly 1`] = `ShallowWrapper {}`;
