// Jest Snapshot v1, https://goo.gl/fbAQLP

exports[`Test for HomeScreen component should test for login  1`] = `ShallowWrapper {}`;
