// Jest Snapshot v1, https://goo.gl/fbAQLP

exports[`Test for profile screen should render correctly 1`] = `ShallowWrapper {}`;
