// Jest Snapshot v1, https://goo.gl/fbAQLP

exports[`Test for profileUpper component should render correctly 1`] = `ShallowWrapper {}`;
