// Jest Snapshot v1, https://goo.gl/fbAQLP

exports[`Test for RepoDetails component should render correctly 1`] = `ShallowWrapper {}`;
